-1.000000
1.000000
5.000000
7.000000
6.000000
12.000000
0.666667
1.333333
