1.000000
7.000000
9.000000
1.000000
-1.000000
12.000000
20.000000
1.333333
0.800000
